minecraft:air=[0;0]
minecraft:stone=[11;7368816]
minecraft:granite=[10;9923917]
minecraft:polished_granite=[10;9923917]
minecraft:diorite=[14;16776437]
minecraft:polished_diorite=[14;16776437]
minecraft:andesite=[11;7368816]
minecraft:polished_andesite=[11;7368816]
minecraft:grass_block=[1;8368696]
minecraft:dirt=[10;9923917]
minecraft:coarse_dirt=[10;9923917]
minecraft:podzol=[34;8476209]
minecraft:cobblestone=[11;7368816]
minecraft:oak_planks=[13;9402184]
minecraft:spruce_planks=[34;8476209]
minecraft:birch_planks=[2;16247203]
minecraft:jungle_planks=[10;9923917]
minecraft:acacia_planks=[15;14188339]
minecraft:dark_oak_planks=[26;6704179]
minecraft:oak_sapling=[7;31744]
minecraft:spruce_sapling=[7;31744]
minecraft:birch_sapling=[7;31744]
minecraft:jungle_sapling=[7;31744]
minecraft:acacia_sapling=[7;31744]
minecraft:dark_oak_sapling=[7;31744]
minecraft:bedrock=[11;7368816]
minecraft:water=[12;4210943]
minecraft:lava=[4;16711680]
minecraft:sand=[2;16247203]
minecraft:red_sand=[15;14188339]
minecraft:gravel=[11;7368816]
minecraft:gold_ore=[11;7368816]
minecraft:deepslate_gold_ore=[59;6579300]
minecraft:iron_ore=[11;7368816]
minecraft:deepslate_iron_ore=[59;6579300]
minecraft:coal_ore=[11;7368816]
minecraft:deepslate_coal_ore=[59;6579300]
minecraft:nether_gold_ore=[35;7340544]
minecraft:oak_log=[34;8476209]
minecraft:spruce_log=[26;6704179]
minecraft:birch_log=[14;16776437]
minecraft:jungle_log=[34;8476209]
minecraft:acacia_log=[11;7368816]
minecraft:dark_oak_log=[26;6704179]
minecraft:stripped_spruce_log=[34;8476209]
minecraft:stripped_birch_log=[2;16247203]
minecraft:stripped_jungle_log=[10;9923917]
minecraft:stripped_acacia_log=[15;14188339]
minecraft:stripped_dark_oak_log=[26;6704179]
minecraft:stripped_oak_log=[13;9402184]
minecraft:oak_wood=[13;9402184]
minecraft:spruce_wood=[34;8476209]
minecraft:birch_wood=[2;16247203]
minecraft:jungle_wood=[10;9923917]
minecraft:acacia_wood=[21;5000268]
minecraft:dark_oak_wood=[26;6704179]
minecraft:stripped_oak_wood=[13;9402184]
minecraft:stripped_spruce_wood=[34;8476209]
minecraft:stripped_birch_wood=[2;16247203]
minecraft:stripped_jungle_wood=[10;9923917]
minecraft:stripped_acacia_wood=[15;14188339]
minecraft:stripped_dark_oak_wood=[26;6704179]
minecraft:oak_leaves=[7;31744]
minecraft:spruce_leaves=[7;31744]
minecraft:birch_leaves=[7;31744]
minecraft:jungle_leaves=[7;31744]
minecraft:acacia_leaves=[7;31744]
minecraft:dark_oak_leaves=[7;31744]
minecraft:azalea_leaves=[7;31744]
minecraft:flowering_azalea_leaves=[7;31744]
minecraft:sponge=[18;15066419]
minecraft:wet_sponge=[18;15066419]
minecraft:glass=[0;0]
minecraft:lapis_ore=[11;7368816]
minecraft:deepslate_lapis_ore=[59;6579300]
minecraft:lapis_block=[32;4882687]
minecraft:dispenser=[11;7368816]
minecraft:sandstone=[2;16247203]
minecraft:chiseled_sandstone=[2;16247203]
minecraft:cut_sandstone=[2;16247203]
minecraft:note_block=[13;9402184]
minecraft:white_bed=[3;13092807]
minecraft:orange_bed=[3;13092807]
minecraft:magenta_bed=[3;13092807]
minecraft:light_blue_bed=[3;13092807]
minecraft:yellow_bed=[3;13092807]
minecraft:lime_bed=[3;13092807]
minecraft:pink_bed=[3;13092807]
minecraft:gray_bed=[3;13092807]
minecraft:light_gray_bed=[3;13092807]
minecraft:cyan_bed=[3;13092807]
minecraft:purple_bed=[3;13092807]
minecraft:blue_bed=[3;13092807]
minecraft:brown_bed=[3;13092807]
minecraft:green_bed=[3;13092807]
minecraft:red_bed=[3;13092807]
minecraft:black_bed=[3;13092807]
minecraft:powered_rail=[0;0]
minecraft:detector_rail=[0;0]
minecraft:sticky_piston=[11;7368816]
minecraft:cobweb=[3;13092807]
minecraft:grass=[7;31744]
minecraft:fern=[7;31744]
minecraft:dead_bush=[13;9402184]
minecraft:seagrass=[12;4210943]
minecraft:tall_seagrass=[12;4210943]
minecraft:piston=[11;7368816]
minecraft:piston_head=[11;7368816]
minecraft:white_wool=[8;16777215]
minecraft:orange_wool=[15;14188339]
minecraft:magenta_wool=[16;11685080]
minecraft:light_blue_wool=[17;6724056]
minecraft:yellow_wool=[18;15066419]
minecraft:lime_wool=[19;8375321]
minecraft:pink_wool=[20;15892389]
minecraft:gray_wool=[21;5000268]
minecraft:light_gray_wool=[22;10066329]
minecraft:cyan_wool=[23;5013401]
minecraft:purple_wool=[24;8339378]
minecraft:blue_wool=[25;3361970]
minecraft:brown_wool=[26;6704179]
minecraft:green_wool=[27;6717235]
minecraft:red_wool=[28;10040115]
minecraft:black_wool=[29;1644825]
minecraft:moving_piston=[11;7368816]
minecraft:dandelion=[7;31744]
minecraft:poppy=[7;31744]
minecraft:blue_orchid=[7;31744]
minecraft:allium=[7;31744]
minecraft:azure_bluet=[7;31744]
minecraft:red_tulip=[7;31744]
minecraft:orange_tulip=[7;31744]
minecraft:white_tulip=[7;31744]
minecraft:pink_tulip=[7;31744]
minecraft:oxeye_daisy=[7;31744]
minecraft:cornflower=[7;31744]
minecraft:wither_rose=[7;31744]
minecraft:lily_of_the_valley=[7;31744]
minecraft:brown_mushroom=[26;6704179]
minecraft:red_mushroom=[28;10040115]
minecraft:gold_block=[30;16445005]
minecraft:iron_block=[6;10987431]
minecraft:bricks=[28;10040115]
minecraft:tnt=[4;16711680]
minecraft:bookshelf=[13;9402184]
minecraft:mossy_cobblestone=[11;7368816]
minecraft:obsidian=[29;1644825]
minecraft:torch=[0;0]
minecraft:wall_torch=[0;0]
minecraft:fire=[4;16711680]
minecraft:soul_fire=[17;6724056]
minecraft:spawner=[11;7368816]
minecraft:oak_stairs=[13;9402184]
minecraft:chest=[13;9402184]
minecraft:redstone_wire=[0;0]
minecraft:diamond_ore=[11;7368816]
minecraft:deepslate_diamond_ore=[59;6579300]
minecraft:diamond_block=[31;6085589]
minecraft:crafting_table=[13;9402184]
minecraft:wheat=[7;31744]
minecraft:farmland=[10;9923917]
minecraft:furnace=[11;7368816]
minecraft:oak_sign=[13;9402184]
minecraft:spruce_sign=[34;8476209]
minecraft:birch_sign=[2;16247203]
minecraft:acacia_sign=[15;14188339]
minecraft:jungle_sign=[10;9923917]
minecraft:dark_oak_sign=[26;6704179]
minecraft:oak_door=[13;9402184]
minecraft:ladder=[0;0]
minecraft:rail=[0;0]
minecraft:cobblestone_stairs=[11;7368816]
minecraft:oak_wall_sign=[13;9402184]
minecraft:spruce_wall_sign=[34;8476209]
minecraft:birch_wall_sign=[2;16247203]
minecraft:acacia_wall_sign=[15;14188339]
minecraft:jungle_wall_sign=[10;9923917]
minecraft:dark_oak_wall_sign=[26;6704179]
minecraft:lever=[0;0]
minecraft:stone_pressure_plate=[11;7368816]
minecraft:iron_door=[6;10987431]
minecraft:oak_pressure_plate=[13;9402184]
minecraft:spruce_pressure_plate=[34;8476209]
minecraft:birch_pressure_plate=[2;16247203]
minecraft:jungle_pressure_plate=[10;9923917]
minecraft:acacia_pressure_plate=[15;14188339]
minecraft:dark_oak_pressure_plate=[26;6704179]
minecraft:redstone_ore=[11;7368816]
minecraft:deepslate_redstone_ore=[59;6579300]
minecraft:redstone_torch=[0;0]
minecraft:redstone_wall_torch=[0;0]
minecraft:stone_button=[0;0]
minecraft:snow=[8;16777215]
minecraft:ice=[5;10526975]
minecraft:snow_block=[8;16777215]
minecraft:cactus=[7;31744]
minecraft:clay=[9;10791096]
minecraft:sugar_cane=[7;31744]
minecraft:jukebox=[10;9923917]
minecraft:oak_fence=[13;9402184]
minecraft:pumpkin=[15;14188339]
minecraft:netherrack=[35;7340544]
minecraft:soul_sand=[26;6704179]
minecraft:soul_soil=[26;6704179]
minecraft:basalt=[29;1644825]
minecraft:polished_basalt=[29;1644825]
minecraft:soul_torch=[0;0]
minecraft:soul_wall_torch=[0;0]
minecraft:glowstone=[2;16247203]
minecraft:nether_portal=[0;0]
minecraft:carved_pumpkin=[15;14188339]
minecraft:jack_o_lantern=[15;14188339]
minecraft:cake=[0;0]
minecraft:repeater=[0;0]
minecraft:white_stained_glass=[8;16777215]
minecraft:orange_stained_glass=[15;14188339]
minecraft:magenta_stained_glass=[16;11685080]
minecraft:light_blue_stained_glass=[17;6724056]
minecraft:yellow_stained_glass=[18;15066419]
minecraft:lime_stained_glass=[19;8375321]
minecraft:pink_stained_glass=[20;15892389]
minecraft:gray_stained_glass=[21;5000268]
minecraft:light_gray_stained_glass=[22;10066329]
minecraft:cyan_stained_glass=[23;5013401]
minecraft:purple_stained_glass=[24;8339378]
minecraft:blue_stained_glass=[25;3361970]
minecraft:brown_stained_glass=[26;6704179]
minecraft:green_stained_glass=[27;6717235]
minecraft:red_stained_glass=[28;10040115]
minecraft:black_stained_glass=[29;1644825]
minecraft:oak_trapdoor=[13;9402184]
minecraft:spruce_trapdoor=[34;8476209]
minecraft:birch_trapdoor=[2;16247203]
minecraft:jungle_trapdoor=[10;9923917]
minecraft:acacia_trapdoor=[15;14188339]
minecraft:dark_oak_trapdoor=[26;6704179]
minecraft:stone_bricks=[11;7368816]
minecraft:mossy_stone_bricks=[11;7368816]
minecraft:cracked_stone_bricks=[11;7368816]
minecraft:chiseled_stone_bricks=[11;7368816]
minecraft:infested_stone=[9;10791096]
minecraft:infested_cobblestone=[9;10791096]
minecraft:infested_stone_bricks=[9;10791096]
minecraft:infested_mossy_stone_bricks=[9;10791096]
minecraft:infested_cracked_stone_bricks=[9;10791096]
minecraft:infested_chiseled_stone_bricks=[9;10791096]
minecraft:brown_mushroom_block=[10;9923917]
minecraft:red_mushroom_block=[28;10040115]
minecraft:mushroom_stem=[3;13092807]
minecraft:iron_bars=[0;0]
minecraft:chain=[0;0]
minecraft:glass_pane=[0;0]
minecraft:melon=[19;8375321]
minecraft:attached_pumpkin_stem=[7;31744]
minecraft:attached_melon_stem=[7;31744]
minecraft:pumpkin_stem=[7;31744]
minecraft:melon_stem=[7;31744]
minecraft:vine=[7;31744]
minecraft:glow_lichen=[61;8365974]
minecraft:oak_fence_gate=[13;9402184]
minecraft:brick_stairs=[28;10040115]
minecraft:stone_brick_stairs=[11;7368816]
minecraft:mycelium=[24;8339378]
minecraft:lily_pad=[7;31744]
minecraft:nether_bricks=[35;7340544]
minecraft:nether_brick_fence=[35;7340544]
minecraft:nether_brick_stairs=[35;7340544]
minecraft:nether_wart=[28;10040115]
minecraft:enchanting_table=[28;10040115]
minecraft:brewing_stand=[6;10987431]
minecraft:cauldron=[11;7368816]
minecraft:water_cauldron=[11;7368816]
minecraft:lava_cauldron=[11;7368816]
minecraft:powder_snow_cauldron=[11;7368816]
minecraft:end_portal=[29;1644825]
minecraft:end_portal_frame=[27;6717235]
minecraft:end_stone=[2;16247203]
minecraft:dragon_egg=[29;1644825]
minecraft:redstone_lamp=[0;0]
minecraft:cocoa=[7;31744]
minecraft:sandstone_stairs=[2;16247203]
minecraft:emerald_ore=[11;7368816]
minecraft:deepslate_emerald_ore=[59;6579300]
minecraft:ender_chest=[11;7368816]
minecraft:tripwire_hook=[0;0]
minecraft:tripwire=[0;0]
minecraft:emerald_block=[33;55610]
minecraft:spruce_stairs=[34;8476209]
minecraft:birch_stairs=[2;16247203]
minecraft:jungle_stairs=[10;9923917]
minecraft:command_block=[26;6704179]
minecraft:beacon=[31;6085589]
minecraft:cobblestone_wall=[11;7368816]
minecraft:mossy_cobblestone_wall=[11;7368816]
minecraft:flower_pot=[0;0]
minecraft:potted_oak_sapling=[0;0]
minecraft:potted_spruce_sapling=[0;0]
minecraft:potted_birch_sapling=[0;0]
minecraft:potted_jungle_sapling=[0;0]
minecraft:potted_acacia_sapling=[0;0]
minecraft:potted_dark_oak_sapling=[0;0]
minecraft:potted_fern=[0;0]
minecraft:potted_dandelion=[0;0]
minecraft:potted_poppy=[0;0]
minecraft:potted_blue_orchid=[0;0]
minecraft:potted_allium=[0;0]
minecraft:potted_azure_bluet=[0;0]
minecraft:potted_red_tulip=[0;0]
minecraft:potted_orange_tulip=[0;0]
minecraft:potted_white_tulip=[0;0]
minecraft:potted_pink_tulip=[0;0]
minecraft:potted_oxeye_daisy=[0;0]
minecraft:potted_cornflower=[0;0]
minecraft:potted_lily_of_the_valley=[0;0]
minecraft:potted_wither_rose=[0;0]
minecraft:potted_red_mushroom=[0;0]
minecraft:potted_brown_mushroom=[0;0]
minecraft:potted_dead_bush=[0;0]
minecraft:potted_cactus=[0;0]
minecraft:carrots=[7;31744]
minecraft:potatoes=[7;31744]
minecraft:oak_button=[0;0]
minecraft:spruce_button=[0;0]
minecraft:birch_button=[0;0]
minecraft:jungle_button=[0;0]
minecraft:acacia_button=[0;0]
minecraft:dark_oak_button=[0;0]
minecraft:skeleton_skull=[0;0]
minecraft:skeleton_wall_skull=[0;0]
minecraft:wither_skeleton_skull=[0;0]
minecraft:wither_skeleton_wall_skull=[0;0]
minecraft:zombie_head=[0;0]
minecraft:zombie_wall_head=[0;0]
minecraft:player_head=[0;0]
minecraft:player_wall_head=[0;0]
minecraft:creeper_head=[0;0]
minecraft:creeper_wall_head=[0;0]
minecraft:dragon_head=[0;0]
minecraft:dragon_wall_head=[0;0]
minecraft:anvil=[6;10987431]
minecraft:chipped_anvil=[6;10987431]
minecraft:damaged_anvil=[6;10987431]
minecraft:trapped_chest=[13;9402184]
minecraft:light_weighted_pressure_plate=[30;16445005]
minecraft:heavy_weighted_pressure_plate=[6;10987431]
minecraft:comparator=[0;0]
minecraft:daylight_detector=[13;9402184]
minecraft:redstone_block=[4;16711680]
minecraft:nether_quartz_ore=[35;7340544]
minecraft:hopper=[11;7368816]
minecraft:quartz_block=[14;16776437]
minecraft:chiseled_quartz_block=[14;16776437]
minecraft:quartz_pillar=[14;16776437]
minecraft:quartz_stairs=[14;16776437]
minecraft:activator_rail=[0;0]
minecraft:dropper=[11;7368816]
minecraft:white_terracotta=[36;13742497]
minecraft:orange_terracotta=[37;10441252]
minecraft:magenta_terracotta=[38;9787244]
minecraft:light_blue_terracotta=[39;7367818]
minecraft:yellow_terracotta=[40;12223780]
minecraft:lime_terracotta=[41;6780213]
minecraft:pink_terracotta=[42;10505550]
minecraft:gray_terracotta=[43;3746083]
minecraft:light_gray_terracotta=[44;8874850]
minecraft:cyan_terracotta=[45;5725276]
minecraft:purple_terracotta=[46;8014168]
minecraft:blue_terracotta=[47;4996700]
minecraft:brown_terracotta=[48;4993571]
minecraft:green_terracotta=[49;5001770]
minecraft:red_terracotta=[50;9321518]
minecraft:black_terracotta=[51;2430480]
minecraft:white_stained_glass_pane=[0;0]
minecraft:orange_stained_glass_pane=[0;0]
minecraft:magenta_stained_glass_pane=[0;0]
minecraft:light_blue_stained_glass_pane=[0;0]
minecraft:yellow_stained_glass_pane=[0;0]
minecraft:lime_stained_glass_pane=[0;0]
minecraft:pink_stained_glass_pane=[0;0]
minecraft:gray_stained_glass_pane=[0;0]
minecraft:light_gray_stained_glass_pane=[0;0]
minecraft:cyan_stained_glass_pane=[0;0]
minecraft:purple_stained_glass_pane=[0;0]
minecraft:blue_stained_glass_pane=[0;0]
minecraft:brown_stained_glass_pane=[0;0]
minecraft:green_stained_glass_pane=[0;0]
minecraft:red_stained_glass_pane=[0;0]
minecraft:black_stained_glass_pane=[0;0]
minecraft:acacia_stairs=[15;14188339]
minecraft:dark_oak_stairs=[26;6704179]
minecraft:slime_block=[1;8368696]
minecraft:barrier=[0;0]
minecraft:light=[0;0]
minecraft:iron_trapdoor=[6;10987431]
minecraft:prismarine=[23;5013401]
minecraft:prismarine_bricks=[31;6085589]
minecraft:dark_prismarine=[31;6085589]
minecraft:prismarine_stairs=[23;5013401]
minecraft:prismarine_brick_stairs=[31;6085589]
minecraft:dark_prismarine_stairs=[31;6085589]
minecraft:prismarine_slab=[23;5013401]
minecraft:prismarine_brick_slab=[31;6085589]
minecraft:dark_prismarine_slab=[31;6085589]
minecraft:sea_lantern=[14;16776437]
minecraft:hay_block=[18;15066419]
minecraft:white_carpet=[8;16777215]
minecraft:orange_carpet=[15;14188339]
minecraft:magenta_carpet=[16;11685080]
minecraft:light_blue_carpet=[17;6724056]
minecraft:yellow_carpet=[18;15066419]
minecraft:lime_carpet=[19;8375321]
minecraft:pink_carpet=[20;15892389]
minecraft:gray_carpet=[21;5000268]
minecraft:light_gray_carpet=[22;10066329]
minecraft:cyan_carpet=[23;5013401]
minecraft:purple_carpet=[24;8339378]
minecraft:blue_carpet=[25;3361970]
minecraft:brown_carpet=[26;6704179]
minecraft:green_carpet=[27;6717235]
minecraft:red_carpet=[28;10040115]
minecraft:black_carpet=[29;1644825]
minecraft:terracotta=[15;14188339]
minecraft:coal_block=[29;1644825]
minecraft:packed_ice=[5;10526975]
minecraft:sunflower=[7;31744]
minecraft:lilac=[7;31744]
minecraft:rose_bush=[7;31744]
minecraft:peony=[7;31744]
minecraft:tall_grass=[7;31744]
minecraft:large_fern=[7;31744]
minecraft:white_banner=[13;9402184]
minecraft:orange_banner=[13;9402184]
minecraft:magenta_banner=[13;9402184]
minecraft:light_blue_banner=[13;9402184]
minecraft:yellow_banner=[13;9402184]
minecraft:lime_banner=[13;9402184]
minecraft:pink_banner=[13;9402184]
minecraft:gray_banner=[13;9402184]
minecraft:light_gray_banner=[13;9402184]
minecraft:cyan_banner=[13;9402184]
minecraft:purple_banner=[13;9402184]
minecraft:blue_banner=[13;9402184]
minecraft:brown_banner=[13;9402184]
minecraft:green_banner=[13;9402184]
minecraft:red_banner=[13;9402184]
minecraft:black_banner=[13;9402184]
minecraft:white_wall_banner=[13;9402184]
minecraft:orange_wall_banner=[13;9402184]
minecraft:magenta_wall_banner=[13;9402184]
minecraft:light_blue_wall_banner=[13;9402184]
minecraft:yellow_wall_banner=[13;9402184]
minecraft:lime_wall_banner=[13;9402184]
minecraft:pink_wall_banner=[13;9402184]
minecraft:gray_wall_banner=[13;9402184]
minecraft:light_gray_wall_banner=[13;9402184]
minecraft:cyan_wall_banner=[13;9402184]
minecraft:purple_wall_banner=[13;9402184]
minecraft:blue_wall_banner=[13;9402184]
minecraft:brown_wall_banner=[13;9402184]
minecraft:green_wall_banner=[13;9402184]
minecraft:red_wall_banner=[13;9402184]
minecraft:black_wall_banner=[13;9402184]
minecraft:red_sandstone=[15;14188339]
minecraft:chiseled_red_sandstone=[15;14188339]
minecraft:cut_red_sandstone=[15;14188339]
minecraft:red_sandstone_stairs=[15;14188339]
minecraft:oak_slab=[13;9402184]
minecraft:spruce_slab=[34;8476209]
minecraft:birch_slab=[2;16247203]
minecraft:jungle_slab=[10;9923917]
minecraft:acacia_slab=[15;14188339]
minecraft:dark_oak_slab=[26;6704179]
minecraft:stone_slab=[11;7368816]
minecraft:smooth_stone_slab=[11;7368816]
minecraft:sandstone_slab=[2;16247203]
minecraft:cut_sandstone_slab=[2;16247203]
minecraft:petrified_oak_slab=[13;9402184]
minecraft:cobblestone_slab=[11;7368816]
minecraft:brick_slab=[28;10040115]
minecraft:stone_brick_slab=[11;7368816]
minecraft:nether_brick_slab=[35;7340544]
minecraft:quartz_slab=[14;16776437]
minecraft:red_sandstone_slab=[15;14188339]
minecraft:cut_red_sandstone_slab=[15;14188339]
minecraft:purpur_slab=[16;11685080]
minecraft:smooth_stone=[11;7368816]
minecraft:smooth_sandstone=[2;16247203]
minecraft:smooth_quartz=[14;16776437]
minecraft:smooth_red_sandstone=[15;14188339]
minecraft:spruce_fence_gate=[34;8476209]
minecraft:birch_fence_gate=[2;16247203]
minecraft:jungle_fence_gate=[10;9923917]
minecraft:acacia_fence_gate=[15;14188339]
minecraft:dark_oak_fence_gate=[26;6704179]
minecraft:spruce_fence=[34;8476209]
minecraft:birch_fence=[2;16247203]
minecraft:jungle_fence=[10;9923917]
minecraft:acacia_fence=[15;14188339]
minecraft:dark_oak_fence=[26;6704179]
minecraft:spruce_door=[34;8476209]
minecraft:birch_door=[2;16247203]
minecraft:jungle_door=[10;9923917]
minecraft:acacia_door=[15;14188339]
minecraft:dark_oak_door=[26;6704179]
minecraft:end_rod=[0;0]
minecraft:chorus_plant=[24;8339378]
minecraft:chorus_flower=[24;8339378]
minecraft:purpur_block=[16;11685080]
minecraft:purpur_pillar=[16;11685080]
minecraft:purpur_stairs=[16;11685080]
minecraft:end_stone_bricks=[2;16247203]
minecraft:beetroots=[7;31744]
minecraft:dirt_path=[10;9923917]
minecraft:end_gateway=[29;1644825]
minecraft:repeating_command_block=[24;8339378]
minecraft:chain_command_block=[27;6717235]
minecraft:frosted_ice=[5;10526975]
minecraft:magma_block=[35;7340544]
minecraft:nether_wart_block=[28;10040115]
minecraft:red_nether_bricks=[35;7340544]
minecraft:bone_block=[2;16247203]
minecraft:structure_void=[0;0]
minecraft:observer=[11;7368816]
minecraft:shulker_box=[24;8339378]
minecraft:white_shulker_box=[8;16777215]
minecraft:orange_shulker_box=[15;14188339]
minecraft:magenta_shulker_box=[16;11685080]
minecraft:light_blue_shulker_box=[17;6724056]
minecraft:yellow_shulker_box=[18;15066419]
minecraft:lime_shulker_box=[19;8375321]
minecraft:pink_shulker_box=[20;15892389]
minecraft:gray_shulker_box=[21;5000268]
minecraft:light_gray_shulker_box=[22;10066329]
minecraft:cyan_shulker_box=[23;5013401]
minecraft:purple_shulker_box=[46;8014168]
minecraft:blue_shulker_box=[25;3361970]
minecraft:brown_shulker_box=[26;6704179]
minecraft:green_shulker_box=[27;6717235]
minecraft:red_shulker_box=[28;10040115]
minecraft:black_shulker_box=[29;1644825]
minecraft:white_glazed_terracotta=[8;16777215]
minecraft:orange_glazed_terracotta=[15;14188339]
minecraft:magenta_glazed_terracotta=[16;11685080]
minecraft:light_blue_glazed_terracotta=[17;6724056]
minecraft:yellow_glazed_terracotta=[18;15066419]
minecraft:lime_glazed_terracotta=[19;8375321]
minecraft:pink_glazed_terracotta=[20;15892389]
minecraft:gray_glazed_terracotta=[21;5000268]
minecraft:light_gray_glazed_terracotta=[22;10066329]
minecraft:cyan_glazed_terracotta=[23;5013401]
minecraft:purple_glazed_terracotta=[24;8339378]
minecraft:blue_glazed_terracotta=[25;3361970]
minecraft:brown_glazed_terracotta=[26;6704179]
minecraft:green_glazed_terracotta=[27;6717235]
minecraft:red_glazed_terracotta=[28;10040115]
minecraft:black_glazed_terracotta=[29;1644825]
minecraft:white_concrete=[8;16777215]
minecraft:orange_concrete=[15;14188339]
minecraft:magenta_concrete=[16;11685080]
minecraft:light_blue_concrete=[17;6724056]
minecraft:yellow_concrete=[18;15066419]
minecraft:lime_concrete=[19;8375321]
minecraft:pink_concrete=[20;15892389]
minecraft:gray_concrete=[21;5000268]
minecraft:light_gray_concrete=[22;10066329]
minecraft:cyan_concrete=[23;5013401]
minecraft:purple_concrete=[24;8339378]
minecraft:blue_concrete=[25;3361970]
minecraft:brown_concrete=[26;6704179]
minecraft:green_concrete=[27;6717235]
minecraft:red_concrete=[28;10040115]
minecraft:black_concrete=[29;1644825]
minecraft:white_concrete_powder=[8;16777215]
minecraft:orange_concrete_powder=[15;14188339]
minecraft:magenta_concrete_powder=[16;11685080]
minecraft:light_blue_concrete_powder=[17;6724056]
minecraft:yellow_concrete_powder=[18;15066419]
minecraft:lime_concrete_powder=[19;8375321]
minecraft:pink_concrete_powder=[20;15892389]
minecraft:gray_concrete_powder=[21;5000268]
minecraft:light_gray_concrete_powder=[22;10066329]
minecraft:cyan_concrete_powder=[23;5013401]
minecraft:purple_concrete_powder=[24;8339378]
minecraft:blue_concrete_powder=[25;3361970]
minecraft:brown_concrete_powder=[26;6704179]
minecraft:green_concrete_powder=[27;6717235]
minecraft:red_concrete_powder=[28;10040115]
minecraft:black_concrete_powder=[29;1644825]
minecraft:kelp=[12;4210943]
minecraft:kelp_plant=[12;4210943]
minecraft:dried_kelp_block=[27;6717235]
minecraft:turtle_egg=[2;16247203]
minecraft:dead_tube_coral_block=[21;5000268]
minecraft:dead_brain_coral_block=[21;5000268]
minecraft:dead_bubble_coral_block=[21;5000268]
minecraft:dead_fire_coral_block=[21;5000268]
minecraft:dead_horn_coral_block=[21;5000268]
minecraft:tube_coral_block=[25;3361970]
minecraft:brain_coral_block=[20;15892389]
minecraft:bubble_coral_block=[24;8339378]
minecraft:fire_coral_block=[28;10040115]
minecraft:horn_coral_block=[18;15066419]
minecraft:dead_tube_coral=[21;5000268]
minecraft:dead_brain_coral=[21;5000268]
minecraft:dead_bubble_coral=[21;5000268]
minecraft:dead_fire_coral=[21;5000268]
minecraft:dead_horn_coral=[21;5000268]
minecraft:tube_coral=[25;3361970]
minecraft:brain_coral=[20;15892389]
minecraft:bubble_coral=[24;8339378]
minecraft:fire_coral=[28;10040115]
minecraft:horn_coral=[18;15066419]
minecraft:dead_tube_coral_fan=[21;5000268]
minecraft:dead_brain_coral_fan=[21;5000268]
minecraft:dead_bubble_coral_fan=[21;5000268]
minecraft:dead_fire_coral_fan=[21;5000268]
minecraft:dead_horn_coral_fan=[21;5000268]
minecraft:tube_coral_fan=[25;3361970]
minecraft:brain_coral_fan=[20;15892389]
minecraft:bubble_coral_fan=[24;8339378]
minecraft:fire_coral_fan=[28;10040115]
minecraft:horn_coral_fan=[18;15066419]
minecraft:dead_tube_coral_wall_fan=[21;5000268]
minecraft:dead_brain_coral_wall_fan=[21;5000268]
minecraft:dead_bubble_coral_wall_fan=[21;5000268]
minecraft:dead_fire_coral_wall_fan=[21;5000268]
minecraft:dead_horn_coral_wall_fan=[21;5000268]
minecraft:tube_coral_wall_fan=[25;3361970]
minecraft:brain_coral_wall_fan=[20;15892389]
minecraft:bubble_coral_wall_fan=[24;8339378]
minecraft:fire_coral_wall_fan=[28;10040115]
minecraft:horn_coral_wall_fan=[18;15066419]
minecraft:sea_pickle=[27;6717235]
minecraft:blue_ice=[5;10526975]
minecraft:conduit=[31;6085589]
minecraft:bamboo_sapling=[13;9402184]
minecraft:bamboo=[7;31744]
minecraft:potted_bamboo=[0;0]
minecraft:void_air=[0;0]
minecraft:cave_air=[0;0]
minecraft:bubble_column=[12;4210943]
minecraft:polished_granite_stairs=[10;9923917]
minecraft:smooth_red_sandstone_stairs=[15;14188339]
minecraft:mossy_stone_brick_stairs=[11;7368816]
minecraft:polished_diorite_stairs=[14;16776437]
minecraft:mossy_cobblestone_stairs=[11;7368816]
minecraft:end_stone_brick_stairs=[2;16247203]
minecraft:stone_stairs=[11;7368816]
minecraft:smooth_sandstone_stairs=[2;16247203]
minecraft:smooth_quartz_stairs=[14;16776437]
minecraft:granite_stairs=[10;9923917]
minecraft:andesite_stairs=[11;7368816]
minecraft:red_nether_brick_stairs=[35;7340544]
minecraft:polished_andesite_stairs=[11;7368816]
minecraft:diorite_stairs=[14;16776437]
minecraft:polished_granite_slab=[10;9923917]
minecraft:smooth_red_sandstone_slab=[15;14188339]
minecraft:mossy_stone_brick_slab=[11;7368816]
minecraft:polished_diorite_slab=[14;16776437]
minecraft:mossy_cobblestone_slab=[11;7368816]
minecraft:end_stone_brick_slab=[2;16247203]
minecraft:smooth_sandstone_slab=[2;16247203]
minecraft:smooth_quartz_slab=[14;16776437]
minecraft:granite_slab=[10;9923917]
minecraft:andesite_slab=[11;7368816]
minecraft:red_nether_brick_slab=[35;7340544]
minecraft:polished_andesite_slab=[11;7368816]
minecraft:diorite_slab=[14;16776437]
minecraft:brick_wall=[28;10040115]
minecraft:prismarine_wall=[23;5013401]
minecraft:red_sandstone_wall=[15;14188339]
minecraft:mossy_stone_brick_wall=[11;7368816]
minecraft:granite_wall=[10;9923917]
minecraft:stone_brick_wall=[11;7368816]
minecraft:nether_brick_wall=[35;7340544]
minecraft:andesite_wall=[11;7368816]
minecraft:red_nether_brick_wall=[35;7340544]
minecraft:sandstone_wall=[2;16247203]
minecraft:end_stone_brick_wall=[2;16247203]
minecraft:diorite_wall=[14;16776437]
minecraft:scaffolding=[2;16247203]
minecraft:loom=[13;9402184]
minecraft:barrel=[13;9402184]
minecraft:smoker=[11;7368816]
minecraft:blast_furnace=[11;7368816]
minecraft:cartography_table=[13;9402184]
minecraft:fletching_table=[13;9402184]
minecraft:grindstone=[6;10987431]
minecraft:lectern=[13;9402184]
minecraft:smithing_table=[13;9402184]
minecraft:stonecutter=[11;7368816]
minecraft:bell=[30;16445005]
minecraft:lantern=[6;10987431]
minecraft:soul_lantern=[6;10987431]
minecraft:campfire=[34;8476209]
minecraft:soul_campfire=[34;8476209]
minecraft:sweet_berry_bush=[7;31744]
minecraft:warped_stem=[56;3837580]
minecraft:stripped_warped_stem=[56;3837580]
minecraft:warped_hyphae=[57;5647422]
minecraft:stripped_warped_hyphae=[57;5647422]
minecraft:warped_nylium=[55;1474182]
minecraft:warped_fungus=[23;5013401]
minecraft:warped_wart_block=[58;1356933]
minecraft:warped_roots=[23;5013401]
minecraft:nether_sprouts=[23;5013401]
minecraft:crimson_stem=[53;9715553]
minecraft:stripped_crimson_stem=[53;9715553]
minecraft:crimson_hyphae=[54;6035741]
minecraft:stripped_crimson_hyphae=[54;6035741]
minecraft:crimson_nylium=[52;12398641]
minecraft:crimson_fungus=[35;7340544]
minecraft:shroomlight=[28;10040115]
minecraft:weeping_vines=[35;7340544]
minecraft:weeping_vines_plant=[35;7340544]
minecraft:twisting_vines=[23;5013401]
minecraft:twisting_vines_plant=[23;5013401]
minecraft:crimson_roots=[35;7340544]
minecraft:crimson_planks=[53;9715553]
minecraft:warped_planks=[56;3837580]
minecraft:crimson_slab=[53;9715553]
minecraft:warped_slab=[56;3837580]
minecraft:crimson_pressure_plate=[53;9715553]
minecraft:warped_pressure_plate=[56;3837580]
minecraft:crimson_fence=[53;9715553]
minecraft:warped_fence=[56;3837580]
minecraft:crimson_trapdoor=[53;9715553]
minecraft:warped_trapdoor=[56;3837580]
minecraft:crimson_fence_gate=[53;9715553]
minecraft:warped_fence_gate=[56;3837580]
minecraft:crimson_stairs=[53;9715553]
minecraft:warped_stairs=[56;3837580]
minecraft:crimson_button=[0;0]
minecraft:warped_button=[0;0]
minecraft:crimson_door=[53;9715553]
minecraft:warped_door=[56;3837580]
minecraft:crimson_sign=[53;9715553]
minecraft:warped_sign=[56;3837580]
minecraft:crimson_wall_sign=[53;9715553]
minecraft:warped_wall_sign=[56;3837580]
minecraft:structure_block=[22;10066329]
minecraft:jigsaw=[22;10066329]
minecraft:composter=[13;9402184]
minecraft:target=[14;16776437]
minecraft:bee_nest=[18;15066419]
minecraft:beehive=[13;9402184]
minecraft:honey_block=[15;14188339]
minecraft:honeycomb_block=[15;14188339]
minecraft:netherite_block=[29;1644825]
minecraft:ancient_debris=[29;1644825]
minecraft:crying_obsidian=[29;1644825]
minecraft:respawn_anchor=[29;1644825]
minecraft:potted_crimson_fungus=[0;0]
minecraft:potted_warped_fungus=[0;0]
minecraft:potted_crimson_roots=[0;0]
minecraft:potted_warped_roots=[0;0]
minecraft:lodestone=[6;10987431]
minecraft:blackstone=[29;1644825]
minecraft:blackstone_stairs=[29;1644825]
minecraft:blackstone_wall=[29;1644825]
minecraft:blackstone_slab=[29;1644825]
minecraft:polished_blackstone=[29;1644825]
minecraft:polished_blackstone_bricks=[29;1644825]
minecraft:cracked_polished_blackstone_bricks=[29;1644825]
minecraft:chiseled_polished_blackstone=[29;1644825]
minecraft:polished_blackstone_brick_slab=[29;1644825]
minecraft:polished_blackstone_brick_stairs=[29;1644825]
minecraft:polished_blackstone_brick_wall=[29;1644825]
minecraft:gilded_blackstone=[29;1644825]
minecraft:polished_blackstone_stairs=[29;1644825]
minecraft:polished_blackstone_slab=[29;1644825]
minecraft:polished_blackstone_pressure_plate=[29;1644825]
minecraft:polished_blackstone_button=[0;0]
minecraft:polished_blackstone_wall=[29;1644825]
minecraft:chiseled_nether_bricks=[35;7340544]
minecraft:cracked_nether_bricks=[35;7340544]
minecraft:quartz_bricks=[14;16776437]
minecraft:candle=[2;16247203]
minecraft:white_candle=[3;13092807]
minecraft:orange_candle=[15;14188339]
minecraft:magenta_candle=[16;11685080]
minecraft:light_blue_candle=[17;6724056]
minecraft:yellow_candle=[18;15066419]
minecraft:lime_candle=[19;8375321]
minecraft:pink_candle=[20;15892389]
minecraft:gray_candle=[21;5000268]
minecraft:light_gray_candle=[22;10066329]
minecraft:cyan_candle=[23;5013401]
minecraft:purple_candle=[24;8339378]
minecraft:blue_candle=[25;3361970]
minecraft:brown_candle=[26;6704179]
minecraft:green_candle=[27;6717235]
minecraft:red_candle=[28;10040115]
minecraft:black_candle=[29;1644825]
minecraft:candle_cake=[0;0]
minecraft:white_candle_cake=[0;0]
minecraft:orange_candle_cake=[0;0]
minecraft:magenta_candle_cake=[0;0]
minecraft:light_blue_candle_cake=[0;0]
minecraft:yellow_candle_cake=[0;0]
minecraft:lime_candle_cake=[0;0]
minecraft:pink_candle_cake=[0;0]
minecraft:gray_candle_cake=[0;0]
minecraft:light_gray_candle_cake=[0;0]
minecraft:cyan_candle_cake=[0;0]
minecraft:purple_candle_cake=[0;0]
minecraft:blue_candle_cake=[0;0]
minecraft:brown_candle_cake=[0;0]
minecraft:green_candle_cake=[0;0]
minecraft:red_candle_cake=[0;0]
minecraft:black_candle_cake=[0;0]
minecraft:amethyst_block=[24;8339378]
minecraft:budding_amethyst=[24;8339378]
minecraft:amethyst_cluster=[24;8339378]
minecraft:large_amethyst_bud=[24;8339378]
minecraft:medium_amethyst_bud=[24;8339378]
minecraft:small_amethyst_bud=[24;8339378]
minecraft:tuff=[43;3746083]
minecraft:calcite=[36;13742497]
minecraft:tinted_glass=[21;5000268]
minecraft:powder_snow=[8;16777215]
minecraft:sculk_sensor=[23;5013401]
minecraft:oxidized_copper=[55;1474182]
minecraft:weathered_copper=[56;3837580]
minecraft:exposed_copper=[44;8874850]
minecraft:copper_block=[15;14188339]
minecraft:copper_ore=[11;7368816]
minecraft:deepslate_copper_ore=[59;6579300]
minecraft:oxidized_cut_copper=[55;1474182]
minecraft:weathered_cut_copper=[56;3837580]
minecraft:exposed_cut_copper=[44;8874850]
minecraft:cut_copper=[15;14188339]
minecraft:oxidized_cut_copper_stairs=[55;1474182]
minecraft:weathered_cut_copper_stairs=[56;3837580]
minecraft:exposed_cut_copper_stairs=[44;8874850]
minecraft:cut_copper_stairs=[15;14188339]
minecraft:oxidized_cut_copper_slab=[55;1474182]
minecraft:weathered_cut_copper_slab=[56;3837580]
minecraft:exposed_cut_copper_slab=[44;8874850]
minecraft:cut_copper_slab=[15;14188339]
minecraft:waxed_copper_block=[15;14188339]
minecraft:waxed_weathered_copper=[56;3837580]
minecraft:waxed_exposed_copper=[44;8874850]
minecraft:waxed_oxidized_copper=[55;1474182]
minecraft:waxed_oxidized_cut_copper=[55;1474182]
minecraft:waxed_weathered_cut_copper=[56;3837580]
minecraft:waxed_exposed_cut_copper=[44;8874850]
minecraft:waxed_cut_copper=[15;14188339]
minecraft:waxed_oxidized_cut_copper_stairs=[55;1474182]
minecraft:waxed_weathered_cut_copper_stairs=[56;3837580]
minecraft:waxed_exposed_cut_copper_stairs=[44;8874850]
minecraft:waxed_cut_copper_stairs=[15;14188339]
minecraft:waxed_oxidized_cut_copper_slab=[55;1474182]
minecraft:waxed_weathered_cut_copper_slab=[56;3837580]
minecraft:waxed_exposed_cut_copper_slab=[44;8874850]
minecraft:waxed_cut_copper_slab=[15;14188339]
minecraft:lightning_rod=[15;14188339]
minecraft:pointed_dripstone=[48;4993571]
minecraft:dripstone_block=[48;4993571]
minecraft:cave_vines=[7;31744]
minecraft:cave_vines_plant=[7;31744]
minecraft:spore_blossom=[7;31744]
minecraft:azalea=[7;31744]
minecraft:flowering_azalea=[7;31744]
minecraft:moss_carpet=[27;6717235]
minecraft:moss_block=[27;6717235]
minecraft:big_dripleaf=[7;31744]
minecraft:big_dripleaf_stem=[7;31744]
minecraft:small_dripleaf=[7;31744]
minecraft:hanging_roots=[10;9923917]
minecraft:rooted_dirt=[10;9923917]
minecraft:deepslate=[59;6579300]
minecraft:cobbled_deepslate=[59;6579300]
minecraft:cobbled_deepslate_stairs=[59;6579300]
minecraft:cobbled_deepslate_slab=[59;6579300]
minecraft:cobbled_deepslate_wall=[59;6579300]
minecraft:polished_deepslate=[59;6579300]
minecraft:polished_deepslate_stairs=[59;6579300]
minecraft:polished_deepslate_slab=[59;6579300]
minecraft:polished_deepslate_wall=[59;6579300]
minecraft:deepslate_tiles=[59;6579300]
minecraft:deepslate_tile_stairs=[59;6579300]
minecraft:deepslate_tile_slab=[59;6579300]
minecraft:deepslate_tile_wall=[59;6579300]
minecraft:deepslate_bricks=[59;6579300]
minecraft:deepslate_brick_stairs=[59;6579300]
minecraft:deepslate_brick_slab=[59;6579300]
minecraft:deepslate_brick_wall=[59;6579300]
minecraft:chiseled_deepslate=[59;6579300]
minecraft:cracked_deepslate_bricks=[59;6579300]
minecraft:cracked_deepslate_tiles=[59;6579300]
minecraft:infested_deepslate=[59;6579300]
minecraft:smooth_basalt=[29;1644825]
minecraft:raw_iron_block=[60;14200723]
minecraft:raw_copper_block=[15;14188339]
minecraft:raw_gold_block=[30;16445005]
minecraft:potted_azalea_bush=[0;0]
minecraft:potted_flowering_azalea_bush=[0;0]
